// Jest Snapshot v1, https://goo.gl/fbAQLP

exports[`Board tests matches snapshot for board with all lights off 1`] = `
<DocumentFragment>
  <h1
    class="Board-Header"
    data-testid="winning-header"
  >
    Congratulations You Won!
  </h1>
</DocumentFragment>
`;

exports[`Board tests matches snapshot for board with all lights on 1`] = `
<DocumentFragment>
  <div
    class="Board"
  >
    <h1
      class="Board-Header"
    >
      Lights Out!
    </h1>
    <table
      class="Board-Table"
    >
      <tbody>
        <tr>
          <td
            class="Cell Cell-lit"
            role="button"
            style="width: 20%; height: 20%;"
          />
          <td
            class="Cell Cell-lit"
            role="button"
            style="width: 20%; height: 20%;"
          />
          <td
            class="Cell Cell-lit"
            role="button"
            style="width: 20%; height: 20%;"
          />
          <td
            class="Cell Cell-lit"
            role="button"
            style="width: 20%; height: 20%;"
          />
          <td
            class="Cell Cell-lit"
            role="button"
            style="width: 20%; height: 20%;"
          />
        </tr>
        <tr>
          <td
            class="Cell Cell-lit"
            role="button"
            style="width: 20%; height: 20%;"
          />
          <td
            class="Cell Cell-lit"
            role="button"
            style="width: 20%; height: 20%;"
          />
          <td
            class="Cell Cell-lit"
            role="button"
            style="width: 20%; height: 20%;"
          />
          <td
            class="Cell Cell-lit"
            role="button"
            style="width: 20%; height: 20%;"
          />
          <td
            class="Cell Cell-lit"
            role="button"
            style="width: 20%; height: 20%;"
          />
        </tr>
        <tr>
          <td
            class="Cell Cell-lit"
            role="button"
            style="width: 20%; height: 20%;"
          />
          <td
            class="Cell Cell-lit"
            role="button"
            style="width: 20%; height: 20%;"
          />
          <td
            class="Cell Cell-lit"
            role="button"
            style="width: 20%; height: 20%;"
          />
          <td
            class="Cell Cell-lit"
            role="button"
            style="width: 20%; height: 20%;"
          />
          <td
            class="Cell Cell-lit"
            role="button"
            style="width: 20%; height: 20%;"
          />
        </tr>
        <tr>
          <td
            class="Cell Cell-lit"
            role="button"
            style="width: 20%; height: 20%;"
          />
          <td
            class="Cell Cell-lit"
            role="button"
            style="width: 20%; height: 20%;"
          />
          <td
            class="Cell Cell-lit"
            role="button"
            style="width: 20%; height: 20%;"
          />
          <td
            class="Cell Cell-lit"
            role="button"
            style="width: 20%; height: 20%;"
          />
          <td
            class="Cell Cell-lit"
            role="button"
            style="width: 20%; height: 20%;"
          />
        </tr>
        <tr>
          <td
            class="Cell Cell-lit"
            role="button"
            style="width: 20%; height: 20%;"
          />
          <td
            class="Cell Cell-lit"
            role="button"
            style="width: 20%; height: 20%;"
          />
          <td
            class="Cell Cell-lit"
            role="button"
            style="width: 20%; height: 20%;"
          />
          <td
            class="Cell Cell-lit"
            role="button"
            style="width: 20%; height: 20%;"
          />
          <td
            class="Cell Cell-lit"
            role="button"
            style="width: 20%; height: 20%;"
          />
        </tr>
      </tbody>
    </table>
    <div
      class="GameRules"
    >
      <p>
        The game consists of a grid of lights which is 5x5 by default. When the game starts, a random number of these lights is switched on. The game default is a 50% chance of being lit. Pressing any of the lights will toggle it and the four adjacent lights. The goal of the puzzle is to switch all the lights off, preferably in as few button presses as possible.
      </p>
    </div>
  </div>
</DocumentFragment>
`;
